../Core/Src/main.c:78:6:SET_LED	3
../Core/Src/main.c:86:6:send	2
../Core/Src/main.c:97:8:Reset	1
../Core/Src/main.c:100:11:Rainboweffect	7
../Core/Src/main.c:129:8:SingleColorChange	11
../Core/Src/main.c:169:8:Strobe	12
../Core/Src/main.c:214:8:PixelRun	4
../Core/Src/main.c:227:8:Reset_Sounds_Effect	1
../Core/Src/main.c:230:8:SET_LED_NUM_BY_SOUNDS	10
../Core/Src/main.c:279:8:SET_LED_COLOR_BY_SOUNDS	6
../Core/Src/main.c:333:7:get_dominant_frequency	4
../Core/Src/main.c:362:6:One_Frequence	3
../Core/Src/main.c:389:6:Led_Frequence	11
../Core/Src/main.c:476:5:main	11
../Core/Src/main.c:556:6:SystemClock_Config	3
../Core/Src/main.c:601:13:MX_NVIC_Init	1
../Core/Src/main.c:615:6:HAL_GPIO_EXTI_Callback	12
../Core/Src/main.c:655:6:Error_Handler	1
