../Core/Src/main.c:78:6:SET_LED	32	static
../Core/Src/main.c:86:6:send	16	static
../Core/Src/main.c:97:8:Reset	4	static
../Core/Src/main.c:100:11:Rainboweffect	24	static
../Core/Src/main.c:129:8:SingleColorChange	24	static
../Core/Src/main.c:169:8:Strobe	24	static
../Core/Src/main.c:214:8:PixelRun	16	static
../Core/Src/main.c:227:8:Reset_Sounds_Effect	4	static
../Core/Src/main.c:230:8:SET_LED_NUM_BY_SOUNDS	48	static
../Core/Src/main.c:279:8:SET_LED_COLOR_BY_SOUNDS	72	static
../Core/Src/main.c:333:7:get_dominant_frequency	10296	static
../Core/Src/main.c:362:6:One_Frequence	48	static
../Core/Src/main.c:389:6:Led_Frequence	10400	static
../Core/Src/main.c:476:5:main	8	static
../Core/Src/main.c:556:6:SystemClock_Config	88	static
../Core/Src/main.c:601:13:MX_NVIC_Init	8	static
../Core/Src/main.c:615:6:HAL_GPIO_EXTI_Callback	16	static
../Core/Src/main.c:655:6:Error_Handler	4	static,ignoring_inline_asm
